# serializer version: 1
# name: test_load_version_artifact_data_reads_real_archives[libzlib-linux-64-1.3.2]
  dict({
    'dependencies': list([
      '__glibc >=2.17,<3.0.a0',
    ]),
    'files': list([
      'lib/libz.so.1 -> libz.so.1.3.2',
      'lib/libz.so.1.3.2',
      'info/recipe/parent/bld.bat',
      'info/hash_input.json',
      'info/test/run_test.sh',
      'info/licenses/LICENSE',
      'info/recipe/meta.yaml',
      'info/files',
      'info/paths.json',
      'info/run_exports.json',
      'info/about.json',
      'info/recipe/parent/test_compile_flags.bat',
      'info/recipe/parent/conda_build_config.yaml',
      'info/recipe/parent/meta.yaml',
      'info/recipe/parent/build.sh',
      'info/recipe/conda_build_config.yaml',
      'info/git',
      'info/recipe/parent/test_compile_flags.c',
      'info/index.json',
      'info/recipe/parent/recipe-scripts-license.txt',
    ]),
    'metadata': list([
      'Package               libzlib',
      'Name                  libzlib',
      'Version               1.3.2',
      'Build                 h25fd6f3_3',
      'Build Number          3',
      'Subdir                linux-64',
      'File Name             libzlib-1.3.2-h25fd6f3_3.conda',
      'Channel               https://conda.anaconda.org/conda-forge/',
      'Size                  62.2 KiB (63,713 bytes)',
      'Timestamp             2026-07-29T22:09:12.714000+00:00',
      'License               Zlib',
      'License Family        Other',
      'Arch                  x86_64',
      'Platform              linux',
      'NoArch                none',
      'Features              not available',
      'Track Features        none',
      'Python Site-Packages  not available',
      'MD5                   0de0122d9570a8ab637c6b73db268389',
      'SHA256                eb8a0db0aa570124f7d2a93d7c7f596e3390df5e047818d873baad32985fc736',
      'Legacy .tar.bz2 MD5   not available',
      'Legacy .tar.bz2 Size  not available',
      "Package URL           [@click=app.open_external_url('https://conda.anaconda.org/conda-forge/linux-64/libzlib-1.3.2-h25fd6f3_3.conda')]https://conda.anaconda.org/conda-forge/linux-64/libzlib-1.3.2-h25fd6f3_3.conda[/]",
      "Repository            [@click=app.open_external_url('https://github.com/madler/zlib')]https://github.com/madler/zlib[/]",
      "Documentation         [@click=app.open_external_url('http://zlib.net/manual.html')]http://zlib.net/manual.html[/]",
      "Homepage              [@click=app.open_external_url('http://zlib.net/')]http://zlib.net/[/]",
      "Recipe maintainers    [@click=app.open_external_url('https://github.com/groutr')]@groutr[/], [@click=app.open_external_url('https://github.com/msarahan')]@msarahan[/], [@click=app.open_external_url('https://github.com/ocefpaf')]@ocefpaf[/], [@click=app.open_external_url('https://github.com/isuruf')]@isuruf[/]",
      "Provenance            [@click=app.open_external_url('https://github.com/conda-forge/zlib-feedstock/commit/044fc2361e1c5f1a35c8f417f1434a585e627297')]conda-forge/zlib-feedstock@044fc2361e1c5f1a35c8f417f1434a585e627297[/]",
    ]),
    'repodata_patches': list([
      "constrains: 'zlib 1.3.2 *_3' -> 'zlib ==1.3.2 *_3'",
    ]),
    'run_exports': list([
      'weak: libzlib >=1.3.2,<2.0a0',
    ]),
  })
# ---
# name: test_load_version_artifact_data_reads_real_archives[pixi-browse-noarch-0.0.14]
  dict({
    'dependencies': list([
      'python >=3.13',
      'textual >=8.2.7,<9',
      'py-rattler >=0.24.0,<0.25',
      'typer >=0.26.5,<0.27',
      'pyyaml >=6.0.3,<7',
      'python',
    ]),
    'files': list([
      'site-packages/pixi_browse/__init__.py',
      'site-packages/pixi_browse/__main__.py',
      'site-packages/pixi_browse/models.py',
      'site-packages/pixi_browse/platform_utils.py',
      'site-packages/pixi_browse/rendering.py',
      'site-packages/pixi_browse/repodata.py',
      'site-packages/pixi_browse/search.py',
      'site-packages/pixi_browse/selection_list.tcss',
      'site-packages/pixi_browse/tui/__init__.py',
      'site-packages/pixi_browse/tui/app.py',
      'site-packages/pixi_browse/tui/state.py',
      'site-packages/pixi_browse/tui/version_loader.py',
      'site-packages/pixi_browse/tui/widgets.py',
      'site-packages/pixi_browse-0.0.14.dist-info/INSTALLER',
      'site-packages/pixi_browse-0.0.14.dist-info/METADATA',
      'site-packages/pixi_browse-0.0.14.dist-info/RECORD',
      'site-packages/pixi_browse-0.0.14.dist-info/REQUESTED',
      'site-packages/pixi_browse-0.0.14.dist-info/WHEEL',
      'site-packages/pixi_browse-0.0.14.dist-info/direct_url.json',
      'site-packages/pixi_browse-0.0.14.dist-info/entry_points.txt',
      'site-packages/pixi_browse-0.0.14.dist-info/licenses/LICENSE',
      'info/about.json',
      'info/hash_input.json',
      'info/index.json',
      'info/licenses/LICENSE',
      'info/link.json',
      'info/paths.json',
      'info/recipe/recipe-scripts-license.txt',
      'info/recipe/recipe.yaml',
      'info/recipe/rendered_recipe.yaml',
      'info/recipe/variant_config.yaml',
      'info/tests/tests.yaml',
    ]),
    'metadata': list([
      'Package               pixi-browse',
      'Name                  pixi-browse',
      'Version               0.0.14',
      'Build                 pyhc364b38_0',
      'Build Number          0',
      'Subdir                noarch',
      'File Name             pixi-browse-0.0.14-pyhc364b38_0.conda',
      'Channel               https://conda.anaconda.org/conda-forge/',
      'Size                  40.3 KiB (41,239 bytes)',
      'Timestamp             2026-06-03T12:15:55.046000+00:00',
      'License               BSD-3-Clause',
      'License Family        not available',
      'Arch                  not available',
      'Platform              not available',
      'NoArch                NoArchType("python")',
      'Features              not available',
      'Track Features        none',
      'Python Site-Packages  not available',
      'MD5                   2ac6faa04372acc0333295512d2369a5',
      'SHA256                c52c5f3d57ac8e2de5da37ffabc053adfdfa73fd90472614b337b73285832cce',
      'Legacy .tar.bz2 MD5   not available',
      'Legacy .tar.bz2 Size  not available',
      "Package URL           [@click=app.open_external_url('https://conda.anaconda.org/conda-forge/noarch/pixi-browse-0.0.14-pyhc364b38_0.conda')]https://conda.anaconda.org/conda-forge/noarch/pixi-browse-0.0.14-pyhc364b38_0.conda[/]",
      "Repository            [@click=app.open_external_url('https://github.com/pavelzw/pixi-browse')]https://github.com/pavelzw/pixi-browse[/]",
      "Documentation         [@click=app.open_external_url('https://github.com/pavelzw/pixi-browse')]https://github.com/pavelzw/pixi-browse[/]",
      "Homepage              [@click=app.open_external_url('https://github.com/pavelzw/pixi-browse')]https://github.com/pavelzw/pixi-browse[/]",
      "Recipe maintainers    [@click=app.open_external_url('https://github.com/pavelzw')]@pavelzw[/]",
      "Provenance            [@click=app.open_external_url('https://github.com/conda-forge/pixi-browse-feedstock/commit/94b9f1d564e589aaebc8c4baffff1133d8874690')]conda-forge/pixi-browse-feedstock@94b9f1d564e589aaebc8c4baffff1133d8874690[/]",
      'Built with            rattler-build 0.65.1',
    ]),
    'repodata_patches': list([
    ]),
    'run_exports': list([
    ]),
  })
# ---
# name: test_load_version_artifact_data_reads_real_archives[six-noarch-1.16.0]
  dict({
    'dependencies': list([
      'python',
    ]),
    'files': list([
      'site-packages/six-1.16.0.dist-info/INSTALLER',
      'site-packages/six-1.16.0.dist-info/LICENSE',
      'site-packages/six-1.16.0.dist-info/METADATA',
      'site-packages/six-1.16.0.dist-info/RECORD',
      'site-packages/six-1.16.0.dist-info/REQUESTED',
      'site-packages/six-1.16.0.dist-info/WHEEL',
      'site-packages/six-1.16.0.dist-info/direct_url.json',
      'site-packages/six-1.16.0.dist-info/top_level.txt',
      'site-packages/six.py',
      'info/hash_input.json',
      'info/link.json',
      'info/index.json',
      'info/files',
      'info/paths.json',
      'info/about.json',
      'info/git',
      'info/test/run_test.py',
      'info/recipe/meta.yaml.template',
      'info/recipe/conda_build_config.yaml',
      'info/recipe/meta.yaml',
      'info/test/run_test.bat',
      'info/test/test_time_dependencies.json',
      'info/licenses/LICENSE',
      'info/test/run_test.sh',
    ]),
    'metadata': list([
      'Package               six',
      'Name                  six',
      'Version               1.16.0',
      'Build                 pyh6c4a22f_0',
      'Build Number          0',
      'Subdir                noarch',
      'File Name             six-1.16.0-pyh6c4a22f_0.tar.bz2',
      'Channel               https://conda.anaconda.org/conda-forge/',
      'Size                  13.9 KiB (14,259 bytes)',
      'Timestamp             2021-05-05T18:45:38.595000+00:00',
      'License               MIT',
      'License Family        MIT',
      'Arch                  not available',
      'Platform              not available',
      'NoArch                NoArchType("python")',
      'Features              not available',
      'Track Features        none',
      'Python Site-Packages  not available',
      'MD5                   e5f25f8dbc060e9a8d912e432202afc2',
      'SHA256                a85c38227b446f42c5b90d9b642f2c0567880c15d72492d8da074a59c8f91dd6',
      'Legacy .tar.bz2 MD5   not available',
      'Legacy .tar.bz2 Size  not available',
      "Package URL           [@click=app.open_external_url('https://conda.anaconda.org/conda-forge/noarch/six-1.16.0-pyh6c4a22f_0.tar.bz2')]https://conda.anaconda.org/conda-forge/noarch/six-1.16.0-pyh6c4a22f_0.tar.bz2[/]",
      "Repository            [@click=app.open_external_url('https://github.com/benjaminp/six')]https://github.com/benjaminp/six[/]",
      "Documentation         [@click=app.open_external_url('https://six.readthedocs.io/')]https://six.readthedocs.io/[/]",
      "Homepage              [@click=app.open_external_url('https://six.readthedocs.io/')]https://six.readthedocs.io/[/]",
      "Recipe maintainers    [@click=app.open_external_url('https://github.com/jakirkham')]@jakirkham[/], [@click=app.open_external_url('https://github.com/msarahan')]@msarahan[/], [@click=app.open_external_url('https://github.com/ocefpaf')]@ocefpaf[/]",
    ]),
    'repodata_patches': list([
    ]),
    'run_exports': list([
    ]),
  })
# ---
# name: test_render_package_preview_from_real_records
  '''
  # libzlib
  
  Version selector preview (4 artifacts):
  Press Enter to open the version list.
  
  ▾ linux-64 (2)
  1.3.2 h25fd6f3_3
  1.3.1 hb9d3cd8_2
  
  ▾ osx-arm64 (2)
  1.3.2 h8088a28_3
  1.3.1 h8359307_2
  '''
# ---
